xrun(64): 23.03-s002: (c) Copyright 1995-2023 Cadence Design Systems, Inc.
TOOL:	xrun(64)	23.03-s002: Started on Apr 30, 2025 at 12:24:36 CEST
xrun
	+sv
	-64bit
	-f files_verilog.f
		../Verilog/RTL/alu.v
		../Verilog/RTL/alu_control.v
		../Verilog/RTL/branch_unit.v
		../Verilog/RTL/control_unit.v
		../Verilog/RTL/cpu.v
		../Verilog/RTL/immediate_extend_unit.v
		../Verilog/RTL/mux_2.v
		../Verilog/RTL/pc.v
		../Verilog/RTL/register_file.v
		../Verilog/RTL/reg_arstn.v
		../Verilog/RTL/reg_arstn_en.v
		../Verilog/RTL/sram.v
		../Verilog/RTL/mux_3.v
		../Verilog/RTL/forwarding_unit.v
		../Verilog/RTL/hazard_detection_unit.v
		../Verilog/RTL/reg_arstn_en_extended.v
		../Verilog/cpu_tb.v
		../Verilog/sky130_sram_2rw.v
	-top cpu_tb
	-timescale 1ns/10ps
	-access +rwc
	-allowredefinition
Recompiling... reason: file '../Verilog/RTL/cpu.v' is newer than expected.
	expected: Wed Apr 30 12:22:51 2025
	actual:   Wed Apr 30 12:24:24 2025
	Elaborating the design hierarchy:
		Caching library 'worklib' ....... Done
	Top level design units:
		cpu_tb
	Building instance overlay tables: .................... Done
	Building instance specific data structures.
	Loading native compiled code:     .................... Done
	Design hierarchy summary:
		                  Instances  Unique
		Modules:                 25      17
		Registers:              120     108
		Scalar wires:            52       -
		Vectored wires:          77       -
		Always blocks:           52      40
		Initial blocks:           3       3
		Cont. assignments:       12      41
		Pseudo assignments:      37       -
		Simulation timescale:  10ps
	Writing initial simulation snapshot: worklib.cpu_tb:v
Loading snapshot worklib.cpu_tb:v .................... Done
xcelium> source /esat/micas-data/software/Cadence/xcelium_23.03/tools/xcelium/files/xmsimrc
xcelium> run

Start Execution

[1;34m
Mult3 Working Correctly
[0m
         25 cycles
Simulation complete via $finish(1) at time 30950 NS + 8
../Verilog/cpu_tb.v:341    $finish;
xcelium> exit
TOOL:	xrun(64)	23.03-s002: Exiting on Apr 30, 2025 at 12:24:36 CEST  (total: 00:00:00)
